// Jest Snapshot v1, https://goo.gl/fbAQLP

exports[`Answer render renders correctly 1`] = `
<div
  className=""
>
  <WithStyles(Component)
    empty={true}
  />
</div>
`;
