// Jest Snapshot v1, https://goo.gl/fbAQLP

exports[`choices snapshots disabled 1`] = `
<div>
  <WithStyles(GridContent)
    columns={4}
    extraStyle={
      Object {
        "textAlign": "center",
      }
    }
  />
</div>
`;

exports[`choices snapshots empty 1`] = `
<div>
  <WithStyles(GridContent)
    columns={4}
    extraStyle={
      Object {
        "textAlign": "center",
      }
    }
  >
    <DragSource(Choice)
      id="1"
      key="0"
      label="foo"
    />
  </WithStyles(GridContent)>
</div>
`;

exports[`choices snapshots empty 2`] = `
<div>
  <WithStyles(GridContent)
    columns={4}
    extraStyle={
      Object {
        "textAlign": "center",
      }
    }
  >
    <Blank
      key="0"
    />
  </WithStyles(GridContent)>
</div>
`;

exports[`choices snapshots renders 1`] = `
<div>
  <WithStyles(GridContent)
    columns={4}
    extraStyle={
      Object {
        "textAlign": "center",
      }
    }
  />
</div>
`;
